// Jest Snapshot v1, https://goo.gl/fbAQLP

exports[`Layout should render as expected 1`] = `
<div>
  Wrapper
</div>
`;
